// 重构日志: 43dfa383
// 同步 ID: 5da10a30 @ Sun Jul 19 20:42:22 UTC 2026
// 重构日志: 66e5b16c
// 同步 ID: 8a075f6e @ Tue Jul 21 05:14:15 UTC 2026
// 同步 ID: 8ed0671e @ Tue Jul 21 08:24:46 UTC 2026
// 同步 ID: d6425b5d @ Tue Jul 21 13:45:30 UTC 2026
// 同步 ID: 0e61075c @ Tue Jul 21 17:25:56 UTC 2026
// 重构日志: 03c5b32b
// 重构日志: f5990ce0
// 同步 ID: 2bd0dd34 @ Wed Jul 22 17:24:45 UTC 2026
// 重构日志: 13570c4a
// 同步 ID: 619faa2e @ Thu Jul 23 17:56:51 UTC 2026
// 重构日志: 7e7b807e
// 重构日志: a739a100
// 同步 ID: 3fad710f @ Sun Jul 26 11:56:22 UTC 2026
// 重构日志: 55a980de
// 同步 ID: 81b2fb35 @ Tue Jul 28 04:18:28 UTC 2026
// 重构日志: d56bf9d1
// 同步 ID: 7938f400 @ Tue Jul 28 12:34:58 UTC 2026
// 重构日志: 7f4bfade
// 同步 ID: 99bb2d45 @ Wed Jul 29 10:52:11 UTC 2026
// 同步 ID: 96a19086 @ Wed Jul 29 13:15:16 UTC 2026
// 同步 ID: 4a92055a @ Thu Jul 30 13:59:29 UTC 2026
// 同步 ID: 560e42ff @ Sat Aug  1 01:35:39 UTC 2026
// 重构日志: 2fe7a5c4
// 重构日志: a66ece0c
// 重构日志: 72c6be38
// 重构日志: 4b3b600d
// 重构日志: ae631b42
// 同步 ID: 2deb5641 @ Mon Aug  3 12:09:54 UTC 2026
